:SHADOWS
shrshadewad\SHADOWS\16X16-LB.tga|16X16-LB
shrshadewad\SHADOWS\16X16-LT.tga|16X16-LT
shrshadewad\SHADOWS\16X16-RB.tga|16X16-RB
shrshadewad\SHADOWS\16X16-RT.tga|16X16-RT
shrshadewad\SHADOWS\16X16.tga|16X16
shrshadewad\SHADOWS\16X32-LB.tga|16X32-LB
shrshadewad\SHADOWS\16X32-LT.tga|16X32-LT
shrshadewad\SHADOWS\16X32-RB.tga|16X32-RB
shrshadewad\SHADOWS\16X32-RT.tga|16X32-RT
shrshadewad\SHADOWS\16X48-LB.tga|16X48-LB
shrshadewad\SHADOWS\16X48-LT.tga|16X48-LT
shrshadewad\SHADOWS\16X48-RB.tga|16X48-RB
shrshadewad\SHADOWS\16X48-RT.tga|16X48-RT
shrshadewad\SHADOWS\16X64-LB.tga|16X64-LB
shrshadewad\SHADOWS\16X64-LT.tga|16X64-LT
shrshadewad\SHADOWS\16X64-RB.tga|16X64-RB
shrshadewad\SHADOWS\16X64-RT.tga|16X64-RT
shrshadewad\SHADOWS\32X16-LB.tga|32X16-LB
shrshadewad\SHADOWS\32X16-LT.tga|32X16-LT
shrshadewad\SHADOWS\32X16-RB.tga|32X16-RB
shrshadewad\SHADOWS\32X16-RT.tga|32X16-RT
shrshadewad\SHADOWS\48X16-LB.tga|48X16-LB
shrshadewad\SHADOWS\48X16-LT.tga|48X16-LT
shrshadewad\SHADOWS\48X16-RB.tga|48X16-RB
shrshadewad\SHADOWS\48X16-RT.tga|48X16-RT
shrshadewad\SHADOWS\64X16-LB.tga|64X16-LB
shrshadewad\SHADOWS\64X16-LT.tga|64X16-LT
shrshadewad\SHADOWS\64X16-RB.tga|64X16-RB
shrshadewad\SHADOWS\64X16-RT.tga|64X16-RT
:SHADOWS20%
shrshadewad\SHADOWS20%\16X16-LB.tga|16X16-LB
shrshadewad\SHADOWS20%\16X16-LT.tga|16X16-LT
shrshadewad\SHADOWS20%\16X16-RB.tga|16X16-RB
shrshadewad\SHADOWS20%\16X16-RT.tga|16X16-RT
shrshadewad\SHADOWS20%\16X16.tga|16X16
shrshadewad\SHADOWS20%\16X32-LB.tga|16X32-LB
shrshadewad\SHADOWS20%\16X32-LT.tga|16X32-LT
shrshadewad\SHADOWS20%\16X32-RB.tga|16X32-RB
shrshadewad\SHADOWS20%\16X32-RT.tga|16X32-RT
shrshadewad\SHADOWS20%\16X48-LT.tga|16X48-LT
shrshadewad\SHADOWS20%\16X48-RB.tga|16X48-RB
shrshadewad\SHADOWS20%\16X48-RT.tga|16X48-RT
shrshadewad\SHADOWS20%\16X64-LB.tga|16X64-LB
shrshadewad\SHADOWS20%\16X64-LT.tga|16X64-LT
shrshadewad\SHADOWS20%\16X64-RB.tga|16X64-RB
shrshadewad\SHADOWS20%\16X64-RT.tga|16X64-RT
shrshadewad\SHADOWS20%\32X16-LB.tga|32X16-LB
shrshadewad\SHADOWS20%\32X16-LT.tga|32X16-LT
shrshadewad\SHADOWS20%\32X16-RB.tga|32X16-RB
shrshadewad\SHADOWS20%\32X16-RT.tga|32X16-RT
shrshadewad\SHADOWS20%\48X16-LB.tga|48X16-LB
shrshadewad\SHADOWS20%\48X16-LT.tga|48X16-LT
shrshadewad\SHADOWS20%\48X16-RB.tga|48X16-RB
shrshadewad\SHADOWS20%\48X16-RT.tga|48X16-RT
shrshadewad\SHADOWS20%\64X16-LB.tga|64X16-LB
shrshadewad\SHADOWS20%\64X16-LT.tga|64X16-LT
shrshadewad\SHADOWS20%\64X16-RB.tga|64X16-RB
shrshadewad\SHADOWS20%\64X16-RT.tga|64X16-RT
:SHADOWS40%
shrshadewad\SHADOWS40%\16X16-LB.tga|16X16-LB
shrshadewad\SHADOWS40%\16X16-LT.tga|16X16-LT
shrshadewad\SHADOWS40%\16X16-RB.tga|16X16-RB
shrshadewad\SHADOWS40%\16X16-RT.tga|16X16-RT
shrshadewad\SHADOWS40%\16X16.tga|16X16
shrshadewad\SHADOWS40%\16X32-LB.tga|16X32-LB
shrshadewad\SHADOWS40%\16X32-LT.tga|16X32-LT
shrshadewad\SHADOWS40%\16X32-RB.tga|16X32-RB
shrshadewad\SHADOWS40%\16X32-RT.tga|16X32-RT
shrshadewad\SHADOWS40%\16X48-LT.tga|16X48-LT
shrshadewad\SHADOWS40%\16X48-RB.tga|16X48-RB
shrshadewad\SHADOWS40%\16X48-RT.tga|16X48-RT
shrshadewad\SHADOWS40%\16X64-LB.tga|16X64-LB
shrshadewad\SHADOWS40%\16X64-LT.tga|16X64-LT
shrshadewad\SHADOWS40%\16X64-RB.tga|16X64-RB
shrshadewad\SHADOWS40%\16X64-RT.tga|16X64-RT
shrshadewad\SHADOWS40%\32X16-LB.tga|32X16-LB
shrshadewad\SHADOWS40%\32X16-LT.tga|32X16-LT
shrshadewad\SHADOWS40%\32X16-RB.tga|32X16-RB
shrshadewad\SHADOWS40%\32X16-RT.tga|32X16-RT
shrshadewad\SHADOWS40%\48X16-LB.tga|48X16-LB
shrshadewad\SHADOWS40%\48X16-LT.tga|48X16-LT
shrshadewad\SHADOWS40%\48X16-RB.tga|48X16-RB
shrshadewad\SHADOWS40%\48X16-RT.tga|48X16-RT
shrshadewad\SHADOWS40%\64X16-LB.tga|64X16-LB
shrshadewad\SHADOWS40%\64X16-LT.tga|64X16-LT
shrshadewad\SHADOWS40%\64X16-RB.tga|64X16-RB
shrshadewad\SHADOWS40%\64X16-RT.tga|64X16-RT
:SHADOWS60%
shrshadewad\SHADOWS60%\16X16-LB.tga|16X16-LB
shrshadewad\SHADOWS60%\16X16-LT.tga|16X16-LT
shrshadewad\SHADOWS60%\16X16-RB.tga|16X16-RB
shrshadewad\SHADOWS60%\16X16-RT.tga|16X16-RT
shrshadewad\SHADOWS60%\16X16.tga|16X16
shrshadewad\SHADOWS60%\16X32-LB.tga|16X32-LB
shrshadewad\SHADOWS60%\16X32-LT.tga|16X32-LT
shrshadewad\SHADOWS60%\16X32-RB.tga|16X32-RB
shrshadewad\SHADOWS60%\16X32-RT.tga|16X32-RT
shrshadewad\SHADOWS60%\16X48-LT.tga|16X48-LT
shrshadewad\SHADOWS60%\16X48-RB.tga|16X48-RB
shrshadewad\SHADOWS60%\16X48-RT.tga|16X48-RT
shrshadewad\SHADOWS60%\16X64-LB.tga|16X64-LB
shrshadewad\SHADOWS60%\16X64-LT.tga|16X64-LT
shrshadewad\SHADOWS60%\16X64-RB.tga|16X64-RB
shrshadewad\SHADOWS60%\16X64-RT.tga|16X64-RT
shrshadewad\SHADOWS60%\32X16-LB.tga|32X16-LB
shrshadewad\SHADOWS60%\32X16-LT.tga|32X16-LT
shrshadewad\SHADOWS60%\32X16-RB.tga|32X16-RB
shrshadewad\SHADOWS60%\32X16-RT.tga|32X16-RT
shrshadewad\SHADOWS60%\48X16-LB.tga|48X16-LB
shrshadewad\SHADOWS60%\48X16-LT.tga|48X16-LT
shrshadewad\SHADOWS60%\48X16-RB.tga|48X16-RB
shrshadewad\SHADOWS60%\48X16-RT.tga|48X16-RT
shrshadewad\SHADOWS60%\64X16-LB.tga|64X16-LB
shrshadewad\SHADOWS60%\64X16-LT.tga|64X16-LT
shrshadewad\SHADOWS60%\64X16-RB.tga|64X16-RB
shrshadewad\SHADOWS60%\64X16-RT.tga|64X16-RT
:SHADOWS80%
shrshadewad\SHADOWS80%\16X16-LB.tga|16X16-LB
shrshadewad\SHADOWS80%\16X16-LT.tga|16X16-LT
shrshadewad\SHADOWS80%\16X16-RB.tga|16X16-RB
shrshadewad\SHADOWS80%\16X16-RT.tga|16X16-RT
shrshadewad\SHADOWS80%\16X16.tga|16X16
shrshadewad\SHADOWS80%\16X32-LB.tga|16X32-LB
shrshadewad\SHADOWS80%\16X32-LT.tga|16X32-LT
shrshadewad\SHADOWS80%\16X32-RB.tga|16X32-RB
shrshadewad\SHADOWS80%\16X32-RT.tga|16X32-RT
shrshadewad\SHADOWS80%\16X48-LT.tga|16X48-LT
shrshadewad\SHADOWS80%\16X48-RB.tga|16X48-RB
shrshadewad\SHADOWS80%\16X48-RT.tga|16X48-RT
shrshadewad\SHADOWS80%\16X64-LB.tga|16X64-LB
shrshadewad\SHADOWS80%\16X64-LT.tga|16X64-LT
shrshadewad\SHADOWS80%\16X64-RB.tga|16X64-RB
shrshadewad\SHADOWS80%\16X64-RT.tga|16X64-RT
shrshadewad\SHADOWS80%\32X16-LB.tga|32X16-LB
shrshadewad\SHADOWS80%\32X16-LT.tga|32X16-LT
shrshadewad\SHADOWS80%\32X16-RB.tga|32X16-RB
shrshadewad\SHADOWS80%\32X16-RT.tga|32X16-RT
shrshadewad\SHADOWS80%\48X16-LB.tga|48X16-LB
shrshadewad\SHADOWS80%\48X16-LT.tga|48X16-LT
shrshadewad\SHADOWS80%\48X16-RB.tga|48X16-RB
shrshadewad\SHADOWS80%\48X16-RT.tga|48X16-RT
shrshadewad\SHADOWS80%\64X16-LB.tga|64X16-LB
shrshadewad\SHADOWS80%\64X16-LT.tga|64X16-LT
shrshadewad\SHADOWS80%\64X16-RB.tga|64X16-RB
shrshadewad\SHADOWS80%\64X16-RT.tga|64X16-RT

